<?xml version="1.0" encoding="utf-8"?>
<newsItem xmlns="http://iptc.org/std/nar/2006-10-01/" xmlns:xsi="http://www.w3.org/2001/XMLSchema-instance" xsi:schemaLocation="http://iptc.org/std/nar/2006-10-01/" standard="NewsML-G2" standardversion="2.28" conformance="power" xml:lang="de" guid="urn:newsml:apa.at:20120315:APA0379" version="1">
  <catalog>
    <scheme alias="myfacetvalue" uri="http://facets.salzamt.at/myfacetvalue/"/>
    <scheme alias="asportfacet" uri="http://cv.iptc.org/newscodes/asportfacet/"/>
    <scheme alias="asportfacetvalue" uri="http://cv.iptc.org/newscodes/asportfacetvalue/"/>
  </catalog>
  <catalogRef href="http://www.iptc.org/std/catalog/catalog.IPTC-G2-Standards_34.xml"/>
  <itemMeta>
    <itemClass qcode="ninat:text"/>
    <provider qcode="nprov:apa">
      <name>APA - Austria Presse Agentur</name>
    </provider>
    <versionCreated>2012-01-01T13:00:00+00:00</versionCreated>
    <pubStatus qcode="stat:usable"/>
    <generator versioninfo="0.3.4">XML::NewsML_G2</generator>
  </itemMeta>
  <contentMeta>
    <urgency>5</urgency>
    <contentCreated>2012-01-01T13:00:00+00:00</contentCreated>
    <altId>APA0379</altId>
    <language tag="de"/>
    <!--concepts-->
    <subject>
      <mainConcept qcode="medtop:20001057">
        <name>alpine skiing</name>
      </mainConcept>
      <facetConcept qcode="asportfacet:alpineskiingtype">
        <name>alpine skiing type</name>
      </facetConcept>
      <facetConcept qcode="asportfacetvalue:slalom-alpineskiing">
        <name>alpine skiing slalom</name>
      </facetConcept>
      <facetConcept qcode="myfacetvalue:something">
        <name>some variant of this</name>
      </facetConcept>
    </subject>
    <headline>Facet test</headline>
  </contentMeta>
  <contentSet>
    <inlineXML contenttype="application/xhtml+xml">
      <html xmlns="http://www.w3.org/1999/xhtml">
        <head>
          <title>Facet test</title>
        </head>
        <body>
          <h1>Facet test</h1>
        </body>
      </html>
    </inlineXML>
  </contentSet>
</newsItem>
