<?xml version="1.0" encoding="utf-8"?>
<newsItem xmlns="http://iptc.org/std/nar/2006-10-01/" xmlns:xsi="http://www.w3.org/2001/XMLSchema-instance" xsi:schemaLocation="http://iptc.org/std/nar/2006-10-01/ http://www.iptc.org/std/NewsML-G2/2.9/specification/NewsML-G2_2.9-spec-All-Power.xsd" standard="NewsML-G2" standardversion="2.9" conformance="power" xml:lang="de" guid="urn:newsml:apa.at:20120315:APA0379" version="1">
  <catalogRef href="http://www.iptc.org/std/catalog/catalog.IPTC-G2-Standards_18.xml"/>
  <catalog>
    <scheme alias="apacrel" uri="http://cv.apa.at/crel/"/>
    <scheme alias="apadesk" uri="http://cv.apa.at/desk/"/>
    <scheme alias="apageo" uri="http://cv.apa.at/geo/"/>
    <scheme alias="apagyibt" uri="http://cv.apa.at/gyibt/"/>
    <scheme alias="apahltype" uri="http://cv.apa.at/hltype/"/>
    <scheme alias="apaind" uri="http://cv.apa.at/ind/"/>
    <scheme alias="apaorg" uri="http://cv.apa.at/org/"/>
    <scheme alias="aparole" uri="http://cv.apa.at/role/"/>
    <scheme alias="apasvc" uri="http://cv.apa.at/svc/"/>
    <scheme alias="apatopic" uri="http://cv.apa.at/topic/"/>
  </catalog>
  <rightsInfo>
    <copyrightHolder literal="copyright_holder#apa">
      <name>APA - Austria Presse Agentur</name>
    </copyrightHolder>
    <copyrightNotice>(c) 2014 http://www.apa.at</copyrightNotice>
    <usageTerms>view only with a full beer</usageTerms>
  </rightsInfo>
  <itemMeta>
    <itemClass qcode="ninat:text"/>
    <provider qcode="nprov:apa">
      <name>APA - Austria Presse Agentur</name>
    </provider>
    <versionCreated>2012-01-01T13:00:00+00:00</versionCreated>
    <embargoed>2012-03-15T12:00:00+01:00</embargoed>
    <pubStatus qcode="stat:usable"/>
    <generator versioninfo="0.3.4">XML::NewsML_G2</generator>
    <service qcode="apasvc:bd">
      <name>Basisdienst</name>
    </service>
    <edNote role="aparole:embargotext">frei für Dienstagsausgaben</edNote>
    <edNote role="aparole:closing">Schluss</edNote>
    <edNote role="aparole:note">Bilder zum Schweizerhaus sind im AOM, z.B. ABD0019 vom 23. März 2006, abrufbar</edNote>
    <edNote role="aparole:correctionnote">Neu: Zusammenfassung mit mehr Details zu Werdegang und Politik des Verstorbenen</edNote>
    <signal qcode="apaind:bild"/>
    <signal qcode="apaind:video"/>
    <link rel="irel:seeAlso" version="1" residref="urn:newsml:apa.at:20120315:APA0123"/>
    <link rel="irel:seeAlso" version="9001" href="https://www.youtube.com/watch?v=dQw4w9WgXcQa"/>
    <link rel="irel:derivedFrom" version="3" residref="urn:newsml:apa.at:20120315:APA0120"/>
  </itemMeta>
  <contentMeta>
    <urgency>5</urgency>
    <contentCreated>2012-03-15T09:09:00+01:00</contentCreated>
    <contentModified>2012-03-15T10:10:00+01:00</contentModified>
    <located>
      <name>Wien</name>
    </located>
    <infoSource literal="DPA" role="isrol:originfo"/>
    <creator literal="dw"/>
    <creator literal="dk"/>
    <creator literal="wh"/>
    <creator literal="Max Musterman"/>
    <altId>APA0379</altId>
    <language tag="de"/>
    <genre qcode="genre:Current">
      <name>Berichterstattung</name>
    </genre>
    <genre qcode="genre:Extra">
      <name>Extra</name>
    </genre>
    <!--desks-->
    <subject type="cpnat:abstract" qcode="apadesk:CI">
      <name>Chronik Inland</name>
    </subject>
    <!--media topics-->
    <subject type="cpnat:abstract" why="why:ancestor" qcode="medtop:10000000">
      <name>Freizeit, Modernes Leben</name>
      <name xml:lang="en">lifestyle and leisure</name>
    </subject>
    <subject type="cpnat:abstract" why="why:ancestor" qcode="medtop:20000538">
      <name>Freizeit</name>
      <name xml:lang="en">leisure</name>
      <broader qcode="medtop:10000000">
        <hierarchyInfo>medtop:10000000 medtop:20000538</hierarchyInfo>
      </broader>
    </subject>
    <subject type="cpnat:abstract" why="why:direct" qcode="medtop:20000553">
      <name>Veranstaltungsort</name>
      <name xml:lang="en">leisure venue</name>
      <broader qcode="medtop:20000538">
        <hierarchyInfo>medtop:10000000 medtop:20000538 medtop:20000553</hierarchyInfo>
      </broader>
    </subject>
    <!--locations-->
    <subject type="cpnat:geoArea" why="why:direct" relevance="100" qcode="apageo:1111">
      <name>Wien</name>
      <broader qcode="apageo:2222">
        <hierarchyInfo>apageo:3333 apageo:2222 apageo:1111</hierarchyInfo>
      </broader>
    </subject>
    <subject type="cpnat:geoArea" why="why:ancestor" relevance="40" qcode="apageo:2222">
      <name>Österreich</name>
      <sameAs qcode="iso3166-1a2:AT"/>
      <broader qcode="apageo:3333">
        <hierarchyInfo>apageo:3333 apageo:2222</hierarchyInfo>
      </broader>
    </subject>
    <subject type="cpnat:geoArea" why="why:ancestor" relevance="30" qcode="apageo:3333">
      <name>Europe</name>
    </subject>
    <!--organisations-->
    <subject type="cpnat:organisation" qcode="apaorg:161616">
      <name>Ottakringer Brauerei</name>
    </subject>
    <!--topics-->
    <subject type="cpnat:abstract" qcode="apatopic:bbbb">
      <name>Budget 2012</name>
    </subject>
    <!--products-->
    <subject type="cpnat:object" literal="isbn#3442162637">
      <name>Product 1</name>
    </subject>
    <slugline separator="/">Buntes/Freizeit/Bauten/Eröffnung/Unterhaltung/Wien/Kommunales</slugline>
    <headline role="apahltype:title">Saisonstart im Schweizerhaus: Run aufs Krügerl im Prater</headline>
    <headline role="apahltype:subtitle">Großer Andrang am Eröffnungstag - Auch der Rummelplatz startsete heute den Betrieb</headline>
    <creditline>APA/John Doe</creditline>
    <keyword>beer</keyword>
    <keyword>vienna</keyword>
    <keyword>prater</keyword>
    <keyword>kolarik</keyword>
    <keyword>schweizerhaus</keyword>
  </contentMeta>
  <!--organisations-->
  <assert qcode="apaorg:161616">
    <name>Ottakringer Brauerei</name>
    <sameAs qcode="isin:AT0000758032"/>
    <organisationDetails>
      <contactInfo>
        <web>http://www.ottakringer.at</web>
      </contactInfo>
    </organisationDetails>
  </assert>
  <assert qcode="apageo:1111">
    <geoAreaDetails>
      <position latitude="48.2" longitude="16.3667"/>
    </geoAreaDetails>
  </assert>
  <contentSet>
    <inlineXML contenttype="application/xhtml+xml">
      <html xmlns="http://www.w3.org/1999/xhtml">
        <head>
          <title>Saisonstart im Schweizerhaus: Run aufs Krügerl im Prater</title>
        </head>
        <body>
          <h1>Saisonstart im Schweizerhaus: Run aufs Krügerl im Prater</h1>
          <h2>Großer Andrang am Eröffnungstag - Auch der Rummelplatz startsete heute den Betrieb</h2>
          <p>Die Saison im Wiener Prater hat am Donnerstagvormittag mit der
Eröffnung des Schweizerhauses begonnen - diese findet traditionell
jedes Jahr am 15. März statt. Pünktlich um 10.00 Uhr öffnete das
Bierlokal seine Pforten. Für viele Wiener ist das ein Pflichttermin:
"Es ist ein Fest für unsere Stammgäste. Die machen sich schon zum
Saisonschluss im Oktober aus, dass sie am ersten Öffnungstag im neuen
Jahr wieder kommen", sagte der Betreiber des Schweizerhauses, Karl
Kolarik, der APA.</p>
          <p>Das traditionelle Bierlokal Schweizerhaus geht heuer in die 93. Saison
und erstrahlt in neuem Glanz: "Wir sind nun endgültig fertig mit dem
Umbau", zeigte sich Kolarik erfreut. Vor rund zwei Jahren wurde
begonnen, die Gaststätte zu vergrößern. So bekam das Haus eine neue
Bierschank, einen Lastenaufzug und auch die Sanitäranlagen wurden
erneuert. All diese Bauarbeiten wurden pünktlich bis zum Saisonstart
im Vorjahr abgeschlossen. Kleinere Veränderungen an der Infrastruktur
des Hauses wurden in den vergangenen Monaten fertiggestellt: "Das
bekommt der Gast gar nicht mit, aber wir haben noch unser EDV-System
sowie diverse Kabel verändert", so der Hausherr.
</p>
        </body>
      </html>
    </inlineXML>
  </contentSet>
</newsItem>
