<?xml version="1.0" encoding="utf-8"?>
<newsMessage xmlns="http://iptc.org/std/nar/2006-10-01/">
  <header>
    <sent>2012-01-01T13:00:00+00:00</sent>
  </header>
  <itemSet>
    <conceptItem xmlns:xsi="http://www.w3.org/2001/XMLSchema-instance" xsi:schemaLocation="http://iptc.org/std/nar/2006-10-01/" standard="NewsML-G2" standardversion="2.28" conformance="power" xml:lang="de" guid="urn:newsml:apa.at:event:0815" version="1">
      <catalog>
        <scheme alias="myeventid" uri="http://events.salzamt.at/list-of-events/"/>
        <scheme alias="eventoccurstatus" uri="http://cv.iptc.org/newscodes/eventoccurstatus"/>
        <scheme alias="myfacet" uri="http://facets.salzamt.at/myfacets/"/>
        <scheme alias="ncostat" uri="http://cv.iptc.org/newscodes/newscoveragestatus/"/>
      </catalog>
      <catalogRef href="http://www.iptc.org/std/catalog/catalog.IPTC-G2-Standards_34.xml"/>
      <itemMeta>
        <itemClass qcode="cinat:concept"/>
        <provider qcode="nprov:apa">
          <name>APA - Austria Presse Agentur</name>
        </provider>
        <versionCreated>2012-01-01T13:00:00+00:00</versionCreated>
        <pubStatus qcode="stat:usable"/>
        <generator versioninfo="0.3.4">XML::NewsML_G2</generator>
      </itemMeta>
      <contentMeta>
        <!--media topics-->
        <subject type="cpnat:abstract" why="why:ancestor" qcode="medtop:10000000">
          <name>Freizeit, Modernes Leben</name>
        </subject>
        <!--concepts-->
        <subject>
          <mainConcept qcode="medtop:10000000">
            <name>Freizeit, Modernes Leben</name>
          </mainConcept>
          <facetConcept qcode="myfacet:alcohol">
            <name>Alkohol</name>
          </facetConcept>
        </subject>
        <keyword role="keyrole:main">Bier</keyword>
        <keyword role="keyrole:main" xml:lang="en">Beer</keyword>
        <keyword>Hannes</keyword>
      </contentMeta>
      <concept>
        <conceptId qcode="myeventid:0815"/>
        <type qcode="cpnat:event"/>
        <!--event information-->
        <name>Bierverkostung November 2019</name>
        <name xml:lang="en">Beer tasting november 2019</name>
        <definition role="definitionrole:short">Monatliches Treffen von gutgelaunten und schönen Menschen, mit dem Ziel der Trunksucht zu fröhnen</definition>
        <definition role="definitionrole:short" xml:lang="en">Monthly come-together of friendly and beautiful guys for drinking</definition>
        <definition role="definitionrole:long">Die diesmonatige Verkostung findet im Lokal "Hannes" in der Pressgasse (1040 Wien) statt
Nach ein paar Begrüßungsworten durch den Vorsitzenden startet unmgehend das Trinkgelage</definition>
        <note role="noterole:general">Prost</note>
        <note role="noterole:general" xml:lang="en">Cheers</note>
        <eventDetails>
          <!--dates-->
          <dates>
            <start>2019-11-30T18:00:00+00:00</start>
            <end>2019-11-30T23:00:00+00:00</end>
          </dates>
          <!--coverage-->
          <newsCoverageStatus qcode="ncostat:int">
            <name>Text</name>
            <name>Bild</name>
            <name xml:lang="en">Picture</name>
          </newsCoverageStatus>
          <!--location-->
          <location>
            <name>"Der Hannes", Pressgasse 29, 1040 Wien, Österreich</name>
            <POIDetails>
              <position latitude="48.1963122" longitude="16.3619024"/>
            </POIDetails>
          </location>
          <location>
            <name>Gastgarten vom Hannes, Pressgasse 29, 1040 Wien, Österreich</name>
            <name xml:lang="en">Hannes, Outdoor Area, Pressgasse 29, 1040 Wien, Austria</name>
            <POIDetails>
              <position latitude="48.1963122" longitude="16.3619024"/>
              <address>
                <line>Pressgasse 29</line>
                <locality>
                  <name>Vierter Bezirk</name>
                  <name xml:lang="en">Fourth district</name>
                </locality>
                <area>
                  <name>Wien</name>
                  <name xml:lang="en">Vienna</name>
                </area>
                <country qcode="iso3166-1a2:AT">
                  <name>Österreich</name>
                  <name xml:lang="en">Austria</name>
                </country>
                <postalCode>A-1040</postalCode>
              </address>
            </POIDetails>
          </location>
          <!--language-->
          <language tag="en">
            <name>English</name>
          </language>
          <language tag="de">
            <name>German</name>
          </language>
        </eventDetails>
      </concept>
    </conceptItem>
    <conceptItem xmlns:xsi="http://www.w3.org/2001/XMLSchema-instance" xsi:schemaLocation="http://iptc.org/std/nar/2006-10-01/" standard="NewsML-G2" standardversion="2.28" conformance="power" xml:lang="de" guid="urn:newsml:apa.at:event:0816" version="1">
      <catalog>
        <scheme alias="myeventid" uri="http://events.salzamt.at/list-of-events/"/>
        <scheme alias="eventoccurstatus" uri="http://cv.iptc.org/newscodes/eventoccurstatus"/>
        <scheme alias="myfacet" uri="http://facets.salzamt.at/myfacets/"/>
        <scheme alias="ncostat" uri="http://cv.iptc.org/newscodes/newscoveragestatus/"/>
      </catalog>
      <catalogRef href="http://www.iptc.org/std/catalog/catalog.IPTC-G2-Standards_34.xml"/>
      <itemMeta>
        <itemClass qcode="cinat:concept"/>
        <provider qcode="nprov:apa">
          <name>APA - Austria Presse Agentur</name>
        </provider>
        <versionCreated>2012-01-01T13:00:00+00:00</versionCreated>
        <pubStatus qcode="stat:canceled"/>
        <generator versioninfo="0.3.4">XML::NewsML_G2</generator>
      </itemMeta>
      <contentMeta/>
      <concept>
        <conceptId qcode="myeventid:0816"/>
        <type qcode="cpnat:event"/>
        <!--event information-->
        <name>Teeverkostung November 2019</name>
        <eventDetails>
          <!--dates-->
          <dates>
            <start>2019-11-30T18:00:00+00:00</start>
            <end>2019-11-30T23:00:00+00:00</end>
          </dates>
          <!--occurence status-->
          <occurStatus qcode="eventoccurstatus:eos6"/>
          <!--location-->
          <location>
            <name>"Der Hannes", Pressgasse 29, 1040 Wien, Österreich</name>
            <POIDetails>
              <position latitude="48.1963122" longitude="16.3619024"/>
            </POIDetails>
          </location>
          <!--language-->
        </eventDetails>
      </concept>
    </conceptItem>
    <newsItem xmlns:xsi="http://www.w3.org/2001/XMLSchema-instance" xsi:schemaLocation="http://iptc.org/std/nar/2006-10-01/" standard="NewsML-G2" standardversion="2.28" conformance="power" xml:lang="de" guid="urn:newsml:apa.at:20120315:APA0379" version="1">
      <catalog>
        <scheme alias="myeventid" uri="http://events.salzamt.at/list-of-events/"/>
        <scheme alias="eventoccurstatus" uri="http://cv.iptc.org/newscodes/eventoccurstatus"/>
        <scheme alias="myfacet" uri="http://facets.salzamt.at/myfacets/"/>
        <scheme alias="ncostat" uri="http://cv.iptc.org/newscodes/newscoveragestatus/"/>
      </catalog>
      <catalogRef href="http://www.iptc.org/std/catalog/catalog.IPTC-G2-Standards_34.xml"/>
      <itemMeta>
        <itemClass qcode="ninat:text"/>
        <provider qcode="nprov:apa">
          <name>APA - Austria Presse Agentur</name>
        </provider>
        <versionCreated>2012-01-01T13:00:00+00:00</versionCreated>
        <pubStatus qcode="stat:usable"/>
        <generator versioninfo="0.3.4">XML::NewsML_G2</generator>
      </itemMeta>
      <contentMeta>
        <urgency>5</urgency>
        <contentCreated>2012-01-01T13:00:00+00:00</contentCreated>
        <altId>APA0379</altId>
        <language tag="de"/>
        <!--events-->
        <subject type="cpnat:event" qcode="myeventid:0815">
          <name>Bierverkostung November 2019</name>
        </subject>
        <headline>Event Ref Test</headline>
      </contentMeta>
      <contentSet>
        <inlineXML contenttype="application/xhtml+xml">
          <html xmlns="http://www.w3.org/1999/xhtml">
            <head>
              <title>Event Ref Test</title>
            </head>
            <body>
              <h1>Event Ref Test</h1>
            </body>
          </html>
        </inlineXML>
      </contentSet>
    </newsItem>
  </itemSet>
</newsMessage>
