<?xml version="1.0" encoding="utf-8"?>
<newsItem xmlns="http://iptc.org/std/nar/2006-10-01/" xmlns:xsi="http://www.w3.org/2001/XMLSchema-instance" xsi:schemaLocation="http://iptc.org/std/nar/2006-10-01/" standard="NewsML-G2" standardversion="2.12" conformance="power" xml:lang="de" guid="urn:newsml:apa.at:20120315:APA0379" version="1">
  <catalog>
    <scheme alias="myeventid" uri="http://events.salzamt.at/list-of-events/"/>
  </catalog>
  <catalogRef href="http://www.iptc.org/std/catalog/catalog.IPTC-G2-Standards_18.xml"/>
  <catalogRef href="http://www.iptc.org/std/catalog/catalog.IPTC-G2-Standards_22.xml"/>
  <itemMeta>
    <itemClass qcode="ninat:text"/>
    <provider qcode="nprov:apa">
      <name>APA - Austria Presse Agentur</name>
    </provider>
    <versionCreated>2012-01-01T14:00:00+01:00</versionCreated>
    <pubStatus qcode="stat:usable"/>
    <generator versioninfo="0.3.3">XML::NewsML_G2</generator>
  </itemMeta>
  <contentMeta>
    <urgency>5</urgency>
    <contentCreated>2012-01-01T13:00:00+00:00</contentCreated>
    <altId>APA0379</altId>
    <language tag="de"/>
    <!--events-->
    <subject type="cpnat:event" qcode="myeventid:0815">
      <name>Bierverkostung November 2019</name>
    </subject>
    <headline>Event Ref Test</headline>
  </contentMeta>
  <contentSet>
    <inlineXML contenttype="application/xhtml+xml">
      <html xmlns="http://www.w3.org/1999/xhtml">
        <head>
          <title>Event Ref Test</title>
        </head>
        <body>
          <h1>Event Ref Test</h1>
        </body>
      </html>
    </inlineXML>
  </contentSet>
</newsItem>
