<?xml version="1.0" encoding="utf-8"?>
<newsMessage xmlns="http://iptc.org/std/nar/2006-10-01/">
  <header>
    <sent>2012-01-01T14:00:00+01:00</sent>
    <destination>MARS1</destination>
    <destination role="dest:mailing">MAIL1</destination>
  </header>
  <itemSet>
    <packageItem xmlns:xsi="http://www.w3.org/2001/XMLSchema-instance" xsi:schemaLocation="http://iptc.org/std/nar/2006-10-01/" standard="NewsML-G2" standardversion="2.15" conformance="power" xml:lang="de" guid="urn:newsml:apa.at:20120315:BUNDLE42" version="1">
      <catalog>
        <scheme alias="apagroup" uri="http://cv.apa.at/group/"/>
        <scheme alias="apaind" uri="http://cv.apa.at/ind/"/>
        <scheme alias="apasvc" uri="http://cv.apa.at/svc/"/>
      </catalog>
      <catalogRef href="http://www.iptc.org/std/catalog/catalog.IPTC-G2-Standards_22.xml"/>
      <itemMeta>
        <itemClass qcode="ninat:composite"/>
        <provider qcode="nprov:apa">
          <name>APA - Austria Presse Agentur</name>
        </provider>
        <versionCreated>2012-01-01T14:00:00+01:00</versionCreated>
        <pubStatus qcode="stat:usable"/>
        <generator versioninfo="0.3.1">XML::NewsML_G2</generator>
      </itemMeta>
      <groupSet root="root_group">
        <group id="root_group" role="apagroup:main">
          <itemRef residref="urn:newsml:apa.at:20120315:APA0379" version="1">
            <itemClass qcode="ninat:text"/>
            <title>Saisonstart im Schweizerhaus: Run aufs Krügerl im Prater</title>
          </itemRef>
          <itemRef residref="urn:newsml:apa.at:20120315:ABD0111" version="1">
            <itemClass qcode="ninat:picture"/>
            <title>Saisonstart im Schweizerhaus: Run aufs Krügerl im Prater</title>
          </itemRef>
        </group>
      </groupSet>
    </packageItem>
    <newsItem xmlns:xsi="http://www.w3.org/2001/XMLSchema-instance" xsi:schemaLocation="http://iptc.org/std/nar/2006-10-01/" standard="NewsML-G2" standardversion="2.15" conformance="power" xml:lang="de" guid="urn:newsml:apa.at:20120315:APA0379" version="1">
      <catalog>
        <scheme alias="apagroup" uri="http://cv.apa.at/group/"/>
        <scheme alias="apaind" uri="http://cv.apa.at/ind/"/>
        <scheme alias="apasvc" uri="http://cv.apa.at/svc/"/>
      </catalog>
      <catalogRef href="http://www.iptc.org/std/catalog/catalog.IPTC-G2-Standards_22.xml"/>
      <rightsInfo>
        <copyrightHolder uri="http://www.apa.at" literal="copyright_holder#apa">
          <name>APA - Austria Presse Agentur</name>
        </copyrightHolder>
        <copyrightNotice>(c) 2014 http://www.apa.at</copyrightNotice>
        <usageTerms>view only with a full beer</usageTerms>
      </rightsInfo>
      <itemMeta>
        <itemClass qcode="ninat:text"/>
        <provider qcode="nprov:apa">
          <name>APA - Austria Presse Agentur</name>
        </provider>
        <versionCreated>2012-01-01T14:00:00+01:00</versionCreated>
        <embargoed>2012-03-15T12:00:00+01:00</embargoed>
        <pubStatus qcode="stat:usable"/>
        <generator versioninfo="0.3.1">XML::NewsML_G2</generator>
        <service qcode="apasvc:bd">
          <name>Basisdienst</name>
        </service>
        <edNote>frei für Dienstagsausgaben</edNote>
        <edNote>Schluss</edNote>
        <edNote>Bilder zum Schweizerhaus sind im AOM, z.B. ABD0019 vom 23. März 2006, abrufbar</edNote>
        <signal qcode="apaind:bild"/>
        <signal qcode="apaind:video"/>
        <link rel="irel:seeAlso" version="1" residref="urn:newsml:apa.at:20120315:APA0123"/>
        <link rel="irel:seeAlso" version="9001" href="https://www.youtube.com/watch?v=dQw4w9WgXcQa"/>
        <link rel="irel:derivedFrom" version="3" residref="urn:newsml:apa.at:20120315:APA0120"/>
      </itemMeta>
      <contentMeta>
        <urgency>5</urgency>
        <contentCreated>2012-03-15T09:09:00+01:00</contentCreated>
        <contentModified>2012-03-15T10:10:00+01:00</contentModified>
        <located>
          <name>Wien</name>
        </located>
        <infoSource role="isrol:originfo">
          <name>DPA</name>
        </infoSource>
        <creator>
          <name>dw</name>
        </creator>
        <creator>
          <name>dk</name>
        </creator>
        <creator>
          <name>wh</name>
        </creator>
        <altId>APA0379</altId>
        <language tag="de"/>
        <genre qcode="genre:Current">
          <name>Berichterstattung</name>
        </genre>
        <genre qcode="genre:Extra">
          <name>Extra</name>
        </genre>
        <!--desks-->
        <subject type="cpnat:abstract" literal="desk#CI">
          <name>Chronik Inland</name>
        </subject>
        <!--media topics-->
        <subject type="cpnat:abstract" why="why:ancestor" qcode="medtop:10000000">
          <name>Freizeit, Modernes Leben</name>
          <name xml:lang="en">lifestyle and leisure</name>
        </subject>
        <subject type="cpnat:abstract" why="why:ancestor" qcode="medtop:20000538">
          <name>Freizeit</name>
          <name xml:lang="en">leisure</name>
          <broader qcode="medtop:10000000"/>
        </subject>
        <subject type="cpnat:abstract" why="why:direct" qcode="medtop:20000553">
          <name>Veranstaltungsort</name>
          <name xml:lang="en">leisure venue</name>
          <broader qcode="medtop:20000538"/>
        </subject>
        <!--locations-->
        <subject relevance="100" type="cpnat:geoArea" why="why:direct" literal="geo#1111">
          <name>Wien</name>
          <broader literal="geo#2222"/>
        </subject>
        <subject relevance="40" type="cpnat:geoArea" why="why:ancestor" literal="geo#2222">
          <name>Österreich</name>
          <sameAs qcode="iso3166-1a2:AT"/>
          <broader literal="geo#3333"/>
        </subject>
        <subject relevance="30" type="cpnat:geoArea" why="why:ancestor" literal="geo#3333">
          <name>Europe</name>
        </subject>
        <!--organisations-->
        <subject type="cpnat:organisation" literal="org#161616">
          <name>Ottakringer Brauerei</name>
        </subject>
        <!--topics-->
        <subject type="cpnat:abstract" literal="topic#bbbb">
          <name>Budget 2012</name>
        </subject>
        <!--products-->
        <subject type="cpnat:object" literal="isbn#3442162637">
          <name>Product 1</name>
        </subject>
        <slugline separator="/">Buntes/Freizeit/Bauten/Eröffnung/Unterhaltung/Wien/Kommunales</slugline>
        <headline>Saisonstart im Schweizerhaus: Run aufs Krügerl im Prater</headline>
        <headline>Großer Andrang am Eröffnungstag - Auch der Rummelplatz startsete heute den Betrieb</headline>
        <creditline>APA/John Doe</creditline>
        <keyword>beer</keyword>
        <keyword>vienna</keyword>
        <keyword>prater</keyword>
        <keyword>kolarik</keyword>
        <keyword>schweizerhaus</keyword>
      </contentMeta>
      <!--organisations-->
      <assert literal="org#161616">
        <name>Ottakringer Brauerei</name>
        <sameAs qcode="isin:AT0000758032"/>
        <organisationDetails>
          <contactInfo>
            <web>http://www.ottakringer.at</web>
          </contactInfo>
        </organisationDetails>
      </assert>
      <assert literal="geo#1111">
        <geoAreaDetails>
          <position latitude="48.2" longitude="16.3667"/>
        </geoAreaDetails>
      </assert>
      <contentSet>
        <inlineXML contenttype="application/xhtml+xml">
          <html xmlns="http://www.w3.org/1999/xhtml">
            <head>
              <title>Saisonstart im Schweizerhaus: Run aufs Krügerl im Prater</title>
            </head>
            <body>
              <h1>Saisonstart im Schweizerhaus: Run aufs Krügerl im Prater</h1>
              <h2>Großer Andrang am Eröffnungstag - Auch der Rummelplatz startsete heute den Betrieb</h2>
            </body>
          </html>
        </inlineXML>
      </contentSet>
    </newsItem>
    <newsItem xmlns:xsi="http://www.w3.org/2001/XMLSchema-instance" xsi:schemaLocation="http://iptc.org/std/nar/2006-10-01/" standard="NewsML-G2" standardversion="2.15" conformance="power" xml:lang="de" guid="urn:newsml:apa.at:20120315:ABD0111" version="1">
      <catalog>
        <scheme alias="apagroup" uri="http://cv.apa.at/group/"/>
        <scheme alias="apaind" uri="http://cv.apa.at/ind/"/>
        <scheme alias="apasvc" uri="http://cv.apa.at/svc/"/>
      </catalog>
      <catalogRef href="http://www.iptc.org/std/catalog/catalog.IPTC-G2-Standards_22.xml"/>
      <rightsInfo>
        <copyrightHolder uri="http://www.apa.at" literal="copyright_holder#apa">
          <name>APA - Austria Presse Agentur</name>
        </copyrightHolder>
        <copyrightNotice>(c) 2014 http://www.apa.at</copyrightNotice>
        <usageTerms>view only with a full beer</usageTerms>
      </rightsInfo>
      <itemMeta>
        <itemClass qcode="ninat:picture"/>
        <provider qcode="nprov:apa">
          <name>APA - Austria Presse Agentur</name>
        </provider>
        <versionCreated>2012-01-01T14:00:00+01:00</versionCreated>
        <embargoed>2012-03-15T12:00:00+01:00</embargoed>
        <pubStatus qcode="stat:usable"/>
        <generator versioninfo="0.3.1">XML::NewsML_G2</generator>
        <service qcode="apasvc:bd">
          <name>Basisdienst</name>
        </service>
        <edNote>frei für Dienstagsausgaben</edNote>
        <edNote>Schluss</edNote>
        <edNote>Bilder zum Schweizerhaus sind im AOM, z.B. ABD0019 vom 23. März 2006, abrufbar</edNote>
        <signal qcode="apaind:bild"/>
        <signal qcode="apaind:video"/>
        <link rel="irel:seeAlso" version="1" residref="urn:newsml:apa.at:20120315:APA0123"/>
        <link rel="irel:seeAlso" version="9001" href="https://www.youtube.com/watch?v=dQw4w9WgXcQa"/>
        <link rel="irel:derivedFrom" version="3" residref="urn:newsml:apa.at:20120315:APA0120"/>
      </itemMeta>
      <contentMeta>
        <urgency>5</urgency>
        <contentCreated>2012-03-15T09:09:00+01:00</contentCreated>
        <contentModified>2012-03-15T10:10:00+01:00</contentModified>
        <located>
          <name>Wien</name>
        </located>
        <infoSource role="isrol:originfo">
          <name>DPA</name>
        </infoSource>
        <creator qcode="crol:photographer">
          <name>Homer Simpson</name>
        </creator>
        <creator>
          <name>dw</name>
        </creator>
        <creator>
          <name>dk</name>
        </creator>
        <creator>
          <name>wh</name>
        </creator>
        <altId>APA0379</altId>
        <language tag="de"/>
        <genre qcode="genre:Current">
          <name>Berichterstattung</name>
        </genre>
        <genre qcode="genre:Extra">
          <name>Extra</name>
        </genre>
        <!--desks-->
        <subject type="cpnat:abstract" literal="desk#CI">
          <name>Chronik Inland</name>
        </subject>
        <!--media topics-->
        <subject type="cpnat:abstract" why="why:ancestor" qcode="medtop:10000000">
          <name>Freizeit, Modernes Leben</name>
          <name xml:lang="en">lifestyle and leisure</name>
        </subject>
        <subject type="cpnat:abstract" why="why:ancestor" qcode="medtop:20000538">
          <name>Freizeit</name>
          <name xml:lang="en">leisure</name>
          <broader qcode="medtop:10000000"/>
        </subject>
        <subject type="cpnat:abstract" why="why:direct" qcode="medtop:20000553">
          <name>Veranstaltungsort</name>
          <name xml:lang="en">leisure venue</name>
          <broader qcode="medtop:20000538"/>
        </subject>
        <!--locations-->
        <subject relevance="100" type="cpnat:geoArea" why="why:direct" literal="geo#1111">
          <name>Wien</name>
          <broader literal="geo#2222"/>
        </subject>
        <subject relevance="40" type="cpnat:geoArea" why="why:ancestor" literal="geo#2222">
          <name>Österreich</name>
          <sameAs qcode="iso3166-1a2:AT"/>
          <broader literal="geo#3333"/>
        </subject>
        <subject relevance="30" type="cpnat:geoArea" why="why:ancestor" literal="geo#3333">
          <name>Europe</name>
        </subject>
        <!--organisations-->
        <subject type="cpnat:organisation" literal="org#161616">
          <name>Ottakringer Brauerei</name>
        </subject>
        <!--topics-->
        <subject type="cpnat:abstract" literal="topic#bbbb">
          <name>Budget 2012</name>
        </subject>
        <!--products-->
        <subject type="cpnat:object" literal="isbn#3442162637">
          <name>Product 1</name>
        </subject>
        <slugline separator="/">Buntes/Freizeit/Bauten/Eröffnung/Unterhaltung/Wien/Kommunales</slugline>
        <headline>Saisonstart im Schweizerhaus: Run aufs Krügerl im Prater</headline>
        <headline>Großer Andrang am Eröffnungstag - Auch der Rummelplatz startsete heute den Betrieb</headline>
        <creditline>APA/John Doe</creditline>
        <keyword>beer</keyword>
        <keyword>vienna</keyword>
        <keyword>prater</keyword>
        <keyword>kolarik</keyword>
        <keyword>schweizerhaus</keyword>
      </contentMeta>
      <!--organisations-->
      <assert literal="org#161616">
        <name>Ottakringer Brauerei</name>
        <sameAs qcode="isin:AT0000758032"/>
        <organisationDetails>
          <contactInfo>
            <web>http://www.ottakringer.at</web>
          </contactInfo>
        </organisationDetails>
      </assert>
      <assert literal="geo#1111">
        <geoAreaDetails>
          <position latitude="48.2" longitude="16.3667"/>
        </geoAreaDetails>
      </assert>
      <contentSet>
        <inlineXML contenttype="application/xhtml+xml">
          <html xmlns="http://www.w3.org/1999/xhtml">
            <head>
              <title>Saisonstart im Schweizerhaus: Run aufs Krügerl im Prater</title>
            </head>
            <body>
              <h1>Saisonstart im Schweizerhaus: Run aufs Krügerl im Prater</h1>
              <h2>Großer Andrang am Eröffnungstag - Auch der Rummelplatz startsete heute den Betrieb</h2>
            </body>
          </html>
        </inlineXML>
      </contentSet>
    </newsItem>
  </itemSet>
</newsMessage>
