<?xml version="1.0" encoding="utf-8"?>
<packageItem xmlns="http://iptc.org/std/nar/2006-10-01/" xmlns:xsi="http://www.w3.org/2001/XMLSchema-instance" xsi:schemaLocation="http://iptc.org/std/nar/2006-10-01/" standard="NewsML-G2" standardversion="2.18" conformance="power" xml:lang="de" guid="urn:newsml:apa.at:20120315:BUNDLE42" version="1">
  <catalog>
    <scheme alias="apagroup" uri="http://cv.apa.at/group/"/>
  </catalog>
  <catalogRef href="http://www.iptc.org/std/catalog/catalog.IPTC-G2-Standards_22.xml"/>
  <catalogRef href="http://www.iptc.org/std/catalog/catalog.IPTC-G2-Standards_24.xml"/>
  <itemMeta>
    <itemClass qcode="ninat:composite"/>
    <provider qcode="nprov:apa">
      <name>APA - Austria Presse Agentur</name>
    </provider>
    <versionCreated>2012-01-01T14:00:00+01:00</versionCreated>
    <pubStatus qcode="stat:usable"/>
    <generator versioninfo="0.3.3">XML::NewsML_G2</generator>
    <title>Slideshow of the day</title>
  </itemMeta>
  <groupSet root="root_group">
    <group id="root_group" role="apagroup:slideshow" mode="pgrmod:seq">
      <groupRef idref="group_1"/>
      <groupRef idref="group_2"/>
      <groupRef idref="group_3"/>
      <groupRef idref="group_4"/>
    </group>
    <group id="group_1" role="apagroup:slide">
      <itemRef residref="urn:newsml:apa.at:20120315:APA0379" version="1">
        <itemClass qcode="ninat:text"/>
        <title>Saisonstart im Schweizerhaus: Run aufs Krügerl im Prater 1</title>
      </itemRef>
      <itemRef residref="urn:newsml:apa.at:20120315:ABD0111" version="1">
        <itemClass qcode="ninat:picture"/>
        <title>Saisonstart im Schweizerhaus: Run aufs Krügerl im Prater 1</title>
      </itemRef>
    </group>
    <group id="group_2" role="apagroup:slide">
      <itemRef residref="urn:newsml:apa.at:20120315:APA0379" version="1">
        <itemClass qcode="ninat:text"/>
        <title>Saisonstart im Schweizerhaus: Run aufs Krügerl im Prater 2</title>
      </itemRef>
      <itemRef residref="urn:newsml:apa.at:20120315:ABD0111" version="1">
        <itemClass qcode="ninat:picture"/>
        <title>Saisonstart im Schweizerhaus: Run aufs Krügerl im Prater 2</title>
      </itemRef>
    </group>
    <group id="group_3" role="apagroup:slide">
      <itemRef residref="urn:newsml:apa.at:20120315:APA0379" version="1">
        <itemClass qcode="ninat:text"/>
        <title>Saisonstart im Schweizerhaus: Run aufs Krügerl im Prater 3</title>
      </itemRef>
      <itemRef residref="urn:newsml:apa.at:20120315:ABD0111" version="1">
        <itemClass qcode="ninat:picture"/>
        <title>Saisonstart im Schweizerhaus: Run aufs Krügerl im Prater 3</title>
      </itemRef>
    </group>
    <group id="group_4" role="apagroup:slide">
      <itemRef residref="urn:newsml:apa.at:20120315:APA0379" version="1">
        <itemClass qcode="ninat:text"/>
        <title>Saisonstart im Schweizerhaus: Run aufs Krügerl im Prater 4</title>
      </itemRef>
      <itemRef residref="urn:newsml:apa.at:20120315:ABD0111" version="1">
        <itemClass qcode="ninat:picture"/>
        <title>Saisonstart im Schweizerhaus: Run aufs Krügerl im Prater 4</title>
      </itemRef>
      <groupRef idref="group_5"/>
    </group>
    <group id="group_5" role="apagroup:slide-in-a-slide">
      <itemRef residref="urn:newsml:apa.at:20120315:APA0379" version="1">
        <itemClass qcode="ninat:text"/>
        <title>Saisonstart im Schweizerhaus: Run aufs Krügerl im Prater 42</title>
      </itemRef>
      <itemRef residref="urn:newsml:apa.at:20120315:ABD0111" version="1">
        <itemClass qcode="ninat:picture"/>
        <title>Saisonstart im Schweizerhaus: Run aufs Krügerl im Prater 42</title>
      </itemRef>
    </group>
  </groupSet>
</packageItem>
